---
source: src/treeqlite.rs
expression: report
---
dumps_by_path:
  Err: "Path must start with ~/: /dev/null"
rows_changed: -9223372036854775808
original_query:
  - "CREATE TABLE IF NOT EXISTS \"/dev/null\" ("
  - "    \"excluded\" BOOLEAN NOT NULL DEFAULT FALSE,"
  - "    \"externalLink\" TEXT NOT NULL,"
  - "    \"externalLinkTitle\" TEXT NOT NULL,"
  - "    \"id\" TEXT PRIMARY KEY NOT NULL,"
  - "    \"imageUrl\" TEXT NOT NULL,"
  - "    \"subtitle\" TEXT NULL,"
  - "    \"title\" TEXT NOT NULL"
  - )
